<?xml version="1.0" encoding="ISO-8859-1" ?>
<link_info>
   <banner>TI ARM Clang Linker PC v4.0.4.LTS</banner>
   <copyright>Copyright (c) 1996-2018 Texas Instruments Incorporated</copyright>
   <command_line>E:\CCSIDE\ccs\tools\compiler\ti-cgt-armllvm_4.0.4.LTS\bin\tiarmlnk -IE:\CCSIDE\ccs\tools\compiler\ti-cgt-armllvm_4.0.4.LTS\lib -o empty_LP_MSPM0G3507_nortos_ticlang_2.out -mempty_LP_MSPM0G3507_nortos_ticlang_2.map -iE:/CCSIDE/mspm0_sdk_2_10_00_04/source -iD:/CCS_Projects/empty_LP_MSPM0G3507_nortos_ticlang_2 -iD:/CCS_Projects/empty_LP_MSPM0G3507_nortos_ticlang_2/Debug/syscfg -iE:/CCSIDE/ccs/tools/compiler/ti-cgt-armllvm_4.0.4.LTS/lib --diag_wrap=off --display_error_number --warn_sections --xml_link_info=empty_LP_MSPM0G3507_nortos_ticlang_2_linkInfo.xml --rom_model ./bmi160.o ./bt.o ./empty.o ./ti_msp_dl_config.o ./startup_mspm0g350x_ticlang.o ./encoder.o ./gyro.o ./lcd.o ./main.o ./motor.o ./pid.o ./sensor.o ./state_machine.o ./vision.o -l./device_linker.cmd -ldevice.cmd.genlibs -llibc.a --start-group -llibc++.a -llibc++abi.a -llibc.a -llibsys.a -llibsysbm.a -llibclang_rt.builtins.a -llibclang_rt.profile.a --end-group --cg_opt_level=2</command_line>
   <link_time>0x6a64ac95</link_time>
   <link_errors>0x0</link_errors>
   <output_file>D:\CCS_Projects\empty_LP_MSPM0G3507_nortos_ticlang_2\Debug\empty_LP_MSPM0G3507_nortos_ticlang_2.out</output_file>
   <entry_point>
      <name>_c_int00_noargs</name>
      <address>0x48bd</address>
   </entry_point>
   <input_file_list>
      <input_file id="fl-1">
         <path>D:\CCS_Projects\empty_LP_MSPM0G3507_nortos_ticlang_2\Debug\.\</path>
         <kind>object</kind>
         <file>bmi160.o</file>
         <name>bmi160.o</name>
      </input_file>
      <input_file id="fl-2">
         <path>D:\CCS_Projects\empty_LP_MSPM0G3507_nortos_ticlang_2\Debug\.\</path>
         <kind>object</kind>
         <file>bt.o</file>
         <name>bt.o</name>
      </input_file>
      <input_file id="fl-3">
         <path>D:\CCS_Projects\empty_LP_MSPM0G3507_nortos_ticlang_2\Debug\.\</path>
         <kind>object</kind>
         <file>empty.o</file>
         <name>empty.o</name>
      </input_file>
      <input_file id="fl-4">
         <path>D:\CCS_Projects\empty_LP_MSPM0G3507_nortos_ticlang_2\Debug\.\</path>
         <kind>object</kind>
         <file>ti_msp_dl_config.o</file>
         <name>ti_msp_dl_config.o</name>
      </input_file>
      <input_file id="fl-5">
         <path>D:\CCS_Projects\empty_LP_MSPM0G3507_nortos_ticlang_2\Debug\.\</path>
         <kind>object</kind>
         <file>startup_mspm0g350x_ticlang.o</file>
         <name>startup_mspm0g350x_ticlang.o</name>
      </input_file>
      <input_file id="fl-6">
         <path>D:\CCS_Projects\empty_LP_MSPM0G3507_nortos_ticlang_2\Debug\.\</path>
         <kind>object</kind>
         <file>encoder.o</file>
         <name>encoder.o</name>
      </input_file>
      <input_file id="fl-7">
         <path>D:\CCS_Projects\empty_LP_MSPM0G3507_nortos_ticlang_2\Debug\.\</path>
         <kind>object</kind>
         <file>gyro.o</file>
         <name>gyro.o</name>
      </input_file>
      <input_file id="fl-8">
         <path>D:\CCS_Projects\empty_LP_MSPM0G3507_nortos_ticlang_2\Debug\.\</path>
         <kind>object</kind>
         <file>lcd.o</file>
         <name>lcd.o</name>
      </input_file>
      <input_file id="fl-9">
         <path>D:\CCS_Projects\empty_LP_MSPM0G3507_nortos_ticlang_2\Debug\.\</path>
         <kind>object</kind>
         <file>main.o</file>
         <name>main.o</name>
      </input_file>
      <input_file id="fl-a">
         <path>D:\CCS_Projects\empty_LP_MSPM0G3507_nortos_ticlang_2\Debug\.\</path>
         <kind>object</kind>
         <file>motor.o</file>
         <name>motor.o</name>
      </input_file>
      <input_file id="fl-b">
         <path>D:\CCS_Projects\empty_LP_MSPM0G3507_nortos_ticlang_2\Debug\.\</path>
         <kind>object</kind>
         <file>pid.o</file>
         <name>pid.o</name>
      </input_file>
      <input_file id="fl-c">
         <path>D:\CCS_Projects\empty_LP_MSPM0G3507_nortos_ticlang_2\Debug\.\</path>
         <kind>object</kind>
         <file>sensor.o</file>
         <name>sensor.o</name>
      </input_file>
      <input_file id="fl-d">
         <path>D:\CCS_Projects\empty_LP_MSPM0G3507_nortos_ticlang_2\Debug\.\</path>
         <kind>object</kind>
         <file>state_machine.o</file>
         <name>state_machine.o</name>
      </input_file>
      <input_file id="fl-e">
         <path>D:\CCS_Projects\empty_LP_MSPM0G3507_nortos_ticlang_2\Debug\.\</path>
         <kind>object</kind>
         <file>vision.o</file>
         <name>vision.o</name>
      </input_file>
      <input_file id="fl-1b">
         <path>D:\CCS_Projects\empty_LP_MSPM0G3507_nortos_ticlang_2\Debug\</path>
         <kind>object</kind>
         <file>&lt;internal&gt;</file>
         <name>&lt;internal&gt;</name>
      </input_file>
      <input_file id="fl-1c">
         <path>E:\CCSIDE\mspm0_sdk_2_10_00_04\source\ti\driverlib\lib\ticlang\m0p\mspm0g1x0x_g3x0x\</path>
         <kind>archive</kind>
         <file>driverlib.a</file>
         <name>dl_common.o</name>
      </input_file>
      <input_file id="fl-1d">
         <path>E:\CCSIDE\mspm0_sdk_2_10_00_04\source\ti\driverlib\lib\ticlang\m0p\mspm0g1x0x_g3x0x\</path>
         <kind>archive</kind>
         <file>driverlib.a</file>
         <name>dl_timer.o</name>
      </input_file>
      <input_file id="fl-1e">
         <path>E:\CCSIDE\mspm0_sdk_2_10_00_04\source\ti\driverlib\lib\ticlang\m0p\mspm0g1x0x_g3x0x\</path>
         <kind>archive</kind>
         <file>driverlib.a</file>
         <name>dl_uart.o</name>
      </input_file>
      <input_file id="fl-35">
         <path>E:\CCSIDE\ccs\tools\compiler\ti-cgt-armllvm_4.0.4.LTS\lib\armv6m-ti-none-eabi\c\</path>
         <kind>archive</kind>
         <file>libc.a</file>
         <name>boot_cortex_m.c.obj</name>
      </input_file>
      <input_file id="fl-36">
         <path>E:\CCSIDE\ccs\tools\compiler\ti-cgt-armllvm_4.0.4.LTS\lib\armv6m-ti-none-eabi\c\</path>
         <kind>archive</kind>
         <file>libc.a</file>
         <name>mathacl_init.c.obj</name>
      </input_file>
      <input_file id="fl-37">
         <path>E:\CCSIDE\ccs\tools\compiler\ti-cgt-armllvm_4.0.4.LTS\lib\armv6m-ti-none-eabi\c\</path>
         <kind>archive</kind>
         <file>libc.a</file>
         <name>autoinit.c.obj</name>
      </input_file>
      <input_file id="fl-38">
         <path>E:\CCSIDE\ccs\tools\compiler\ti-cgt-armllvm_4.0.4.LTS\lib\armv6m-ti-none-eabi\c\</path>
         <kind>archive</kind>
         <file>libc.a</file>
         <name>pre_init.c.obj</name>
      </input_file>
      <input_file id="fl-39">
         <path>E:\CCSIDE\ccs\tools\compiler\ti-cgt-armllvm_4.0.4.LTS\lib\armv6m-ti-none-eabi\c\</path>
         <kind>archive</kind>
         <file>libc.a</file>
         <name>cpy_tbl.c.obj</name>
      </input_file>
      <input_file id="fl-3a">
         <path>E:\CCSIDE\ccs\tools\compiler\ti-cgt-armllvm_4.0.4.LTS\lib\armv6m-ti-none-eabi\c\</path>
         <kind>archive</kind>
         <file>libc.a</file>
         <name>copy_zero_init.c.obj</name>
      </input_file>
      <input_file id="fl-3b">
         <path>E:\CCSIDE\ccs\tools\compiler\ti-cgt-armllvm_4.0.4.LTS\lib\armv6m-ti-none-eabi\c\</path>
         <kind>archive</kind>
         <file>libc.a</file>
         <name>copy_decompress_none.c.obj</name>
      </input_file>
      <input_file id="fl-3c">
         <path>E:\CCSIDE\ccs\tools\compiler\ti-cgt-armllvm_4.0.4.LTS\lib\armv6m-ti-none-eabi\c\</path>
         <kind>archive</kind>
         <file>libc.a</file>
         <name>copy_decompress_lzss.c.obj</name>
      </input_file>
      <input_file id="fl-3d">
         <path>E:\CCSIDE\ccs\tools\compiler\ti-cgt-armllvm_4.0.4.LTS\lib\armv6m-ti-none-eabi\c\</path>
         <kind>archive</kind>
         <file>libc.a</file>
         <name>exit.c.obj</name>
      </input_file>
      <input_file id="fl-3e">
         <path>E:\CCSIDE\ccs\tools\compiler\ti-cgt-armllvm_4.0.4.LTS\lib\armv6m-ti-none-eabi\c\</path>
         <kind>archive</kind>
         <file>libc.a</file>
         <name>_lock.c.obj</name>
      </input_file>
      <input_file id="fl-3f">
         <path>E:\CCSIDE\ccs\tools\compiler\ti-cgt-armllvm_4.0.4.LTS\lib\armv6m-ti-none-eabi\c\</path>
         <kind>archive</kind>
         <file>libc.a</file>
         <name>args_main.c.obj</name>
      </input_file>
      <input_file id="fl-df">
         <path>E:\CCSIDE\ccs\tools\compiler\ti-cgt-armllvm_4.0.4.LTS\lib\armv6m-ti-none-eabi\c\</path>
         <kind>archive</kind>
         <file>libsysbm.a</file>
         <name>hostexit.c.obj</name>
      </input_file>
      <input_file id="fl-e0">
         <path>E:\CCSIDE\ccs\tools\compiler\ti-cgt-armllvm_4.0.4.LTS\lib\armv6m-ti-none-eabi\</path>
         <kind>archive</kind>
         <file>libclang_rt.builtins.a</file>
         <name>addsf3.S.obj</name>
      </input_file>
      <input_file id="fl-e1">
         <path>E:\CCSIDE\ccs\tools\compiler\ti-cgt-armllvm_4.0.4.LTS\lib\armv6m-ti-none-eabi\</path>
         <kind>archive</kind>
         <file>libclang_rt.builtins.a</file>
         <name>mulsf3.S.obj</name>
      </input_file>
      <input_file id="fl-e2">
         <path>E:\CCSIDE\ccs\tools\compiler\ti-cgt-armllvm_4.0.4.LTS\lib\armv6m-ti-none-eabi\</path>
         <kind>archive</kind>
         <file>libclang_rt.builtins.a</file>
         <name>divsf3.S.obj</name>
      </input_file>
      <input_file id="fl-e3">
         <path>E:\CCSIDE\ccs\tools\compiler\ti-cgt-armllvm_4.0.4.LTS\lib\armv6m-ti-none-eabi\</path>
         <kind>archive</kind>
         <file>libclang_rt.builtins.a</file>
         <name>fixsfsi.S.obj</name>
      </input_file>
      <input_file id="fl-e4">
         <path>E:\CCSIDE\ccs\tools\compiler\ti-cgt-armllvm_4.0.4.LTS\lib\armv6m-ti-none-eabi\</path>
         <kind>archive</kind>
         <file>libclang_rt.builtins.a</file>
         <name>floatsisf.S.obj</name>
      </input_file>
      <input_file id="fl-e5">
         <path>E:\CCSIDE\ccs\tools\compiler\ti-cgt-armllvm_4.0.4.LTS\lib\armv6m-ti-none-eabi\</path>
         <kind>archive</kind>
         <file>libclang_rt.builtins.a</file>
         <name>aeabi_fcmp.S.obj</name>
      </input_file>
      <input_file id="fl-e6">
         <path>E:\CCSIDE\ccs\tools\compiler\ti-cgt-armllvm_4.0.4.LTS\lib\armv6m-ti-none-eabi\</path>
         <kind>archive</kind>
         <file>libclang_rt.builtins.a</file>
         <name>aeabi_idivmod.S.obj</name>
      </input_file>
      <input_file id="fl-e7">
         <path>E:\CCSIDE\ccs\tools\compiler\ti-cgt-armllvm_4.0.4.LTS\lib\armv6m-ti-none-eabi\</path>
         <kind>archive</kind>
         <file>libclang_rt.builtins.a</file>
         <name>aeabi_memcpy.S.obj</name>
      </input_file>
      <input_file id="fl-e8">
         <path>E:\CCSIDE\ccs\tools\compiler\ti-cgt-armllvm_4.0.4.LTS\lib\armv6m-ti-none-eabi\</path>
         <kind>archive</kind>
         <file>libclang_rt.builtins.a</file>
         <name>aeabi_memset.S.obj</name>
      </input_file>
      <input_file id="fl-e9">
         <path>E:\CCSIDE\ccs\tools\compiler\ti-cgt-armllvm_4.0.4.LTS\lib\armv6m-ti-none-eabi\</path>
         <kind>archive</kind>
         <file>libclang_rt.builtins.a</file>
         <name>aeabi_uidivmod.S.obj</name>
      </input_file>
      <input_file id="fl-ea">
         <path>E:\CCSIDE\ccs\tools\compiler\ti-cgt-armllvm_4.0.4.LTS\lib\armv6m-ti-none-eabi\</path>
         <kind>archive</kind>
         <file>libclang_rt.builtins.a</file>
         <name>comparesf2.S.obj</name>
      </input_file>
      <input_file id="fl-eb">
         <path>E:\CCSIDE\ccs\tools\compiler\ti-cgt-armllvm_4.0.4.LTS\lib\armv6m-ti-none-eabi\</path>
         <kind>archive</kind>
         <file>libclang_rt.builtins.a</file>
         <name>muldsi3.S.obj</name>
      </input_file>
      <input_file id="fl-ec">
         <path>E:\CCSIDE\ccs\tools\compiler\ti-cgt-armllvm_4.0.4.LTS\lib\armv6m-ti-none-eabi\</path>
         <kind>archive</kind>
         <file>libclang_rt.builtins.a</file>
         <name>aeabi_div0.c.obj</name>
      </input_file>
      <input_file id="fl-ed">
         <path>E:\CCSIDE\ccs\tools\compiler\ti-cgt-armllvm_4.0.4.LTS\lib\armv6m-ti-none-eabi\c\</path>
         <kind>archive</kind>
         <file>libc.a</file>
         <name>memcpy16.S.obj</name>
      </input_file>
      <input_file id="fl-ee">
         <path>E:\CCSIDE\ccs\tools\compiler\ti-cgt-armllvm_4.0.4.LTS\lib\armv6m-ti-none-eabi\c\</path>
         <kind>archive</kind>
         <file>libc.a</file>
         <name>memset16.S.obj</name>
      </input_file>
   </input_file_list>
   <object_component_list>
      <object_component id="oc-18">
         <name>.intvecs</name>
         <load_address>0x0</load_address>
         <readonly>true</readonly>
         <run_address>0x0</run_address>
         <size>0xc0</size>
         <alignment>0x4</alignment>
         <input_file_ref idref="fl-5"/>
      </object_component>
      <object_component id="oc-9b">
         <name>.text.main</name>
         <load_address>0xc0</load_address>
         <readonly>true</readonly>
         <executable>true</executable>
         <run_address>0xc0</run_address>
         <size>0x1758</size>
         <alignment>0x4</alignment>
         <input_file_ref idref="fl-9"/>
      </object_component>
      <object_component id="oc-c9">
         <name>.text.lcd_init</name>
         <load_address>0x1818</load_address>
         <readonly>true</readonly>
         <executable>true</executable>
         <run_address>0x1818</run_address>
         <size>0xebc</size>
         <alignment>0x4</alignment>
         <input_file_ref idref="fl-8"/>
      </object_component>
      <object_component id="oc-d2">
         <name>.text.lcd_putc</name>
         <load_address>0x26d4</load_address>
         <readonly>true</readonly>
         <executable>true</executable>
         <run_address>0x26d4</run_address>
         <size>0x32c</size>
         <alignment>0x4</alignment>
         <input_file_ref idref="fl-8"/>
      </object_component>
      <object_component id="oc-e1">
         <name>.text.gyro_init</name>
         <load_address>0x2a00</load_address>
         <readonly>true</readonly>
         <executable>true</executable>
         <run_address>0x2a00</run_address>
         <size>0x230</size>
         <alignment>0x4</alignment>
         <input_file_ref idref="fl-7"/>
      </object_component>
      <object_component id="oc-cf">
         <name>.text.lcd_clear</name>
         <load_address>0x2c30</load_address>
         <readonly>true</readonly>
         <executable>true</executable>
         <run_address>0x2c30</run_address>
         <size>0x1cc</size>
         <alignment>0x4</alignment>
         <input_file_ref idref="fl-8"/>
      </object_component>
      <object_component id="oc-127">
         <name>.text.sensor_get_position</name>
         <load_address>0x2dfc</load_address>
         <readonly>true</readonly>
         <executable>true</executable>
         <run_address>0x2dfc</run_address>
         <size>0x1bc</size>
         <alignment>0x4</alignment>
         <input_file_ref idref="fl-c"/>
      </object_component>
      <object_component id="oc-ee">
         <name>.text.gyro_turn</name>
         <load_address>0x2fb8</load_address>
         <readonly>true</readonly>
         <executable>true</executable>
         <run_address>0x2fb8</run_address>
         <size>0x11c</size>
         <alignment>0x4</alignment>
         <input_file_ref idref="fl-9"/>
      </object_component>
      <object_component id="oc-17e">
         <name>.text.lcd_data16</name>
         <load_address>0x30d4</load_address>
         <readonly>true</readonly>
         <executable>true</executable>
         <run_address>0x30d4</run_address>
         <size>0x110</size>
         <alignment>0x4</alignment>
         <input_file_ref idref="fl-8"/>
      </object_component>
      <object_component id="oc-1d0">
         <name>.text.DL_Timer_initFourCCPWMMode</name>
         <load_address>0x31e4</load_address>
         <readonly>true</readonly>
         <executable>true</executable>
         <run_address>0x31e4</run_address>
         <size>0x104</size>
         <alignment>0x4</alignment>
         <input_file_ref idref="fl-1d"/>
      </object_component>
      <object_component id="oc-13a">
         <name>.text.sensor_is_line_detected2</name>
         <load_address>0x32e8</load_address>
         <readonly>true</readonly>
         <executable>true</executable>
         <run_address>0x32e8</run_address>
         <size>0x100</size>
         <alignment>0x4</alignment>
         <input_file_ref idref="fl-c"/>
      </object_component>
      <object_component id="oc-1d5">
         <name>.text.DL_Timer_initTimerMode</name>
         <load_address>0x33e8</load_address>
         <readonly>true</readonly>
         <executable>true</executable>
         <run_address>0x33e8</run_address>
         <size>0xfc</size>
         <alignment>0x4</alignment>
         <input_file_ref idref="fl-1d"/>
      </object_component>
      <object_component id="oc-111">
         <name>.text.lcd_print_int</name>
         <load_address>0x34e4</load_address>
         <readonly>true</readonly>
         <executable>true</executable>
         <run_address>0x34e4</run_address>
         <size>0xf8</size>
         <alignment>0x2</alignment>
         <input_file_ref idref="fl-8"/>
      </object_component>
      <object_component id="oc-126">
         <name>.text.line_follow</name>
         <load_address>0x35dc</load_address>
         <readonly>true</readonly>
         <executable>true</executable>
         <run_address>0x35dc</run_address>
         <size>0xf8</size>
         <alignment>0x4</alignment>
         <input_file_ref idref="fl-9"/>
      </object_component>
      <object_component id="oc-179">
         <name>.text.lcd_window</name>
         <load_address>0x36d4</load_address>
         <readonly>true</readonly>
         <executable>true</executable>
         <run_address>0x36d4</run_address>
         <size>0xe8</size>
         <alignment>0x4</alignment>
         <input_file_ref idref="fl-8"/>
      </object_component>
      <object_component id="oc-46">
         <name>.text.UART0_IRQHandler</name>
         <load_address>0x37bc</load_address>
         <readonly>true</readonly>
         <executable>true</executable>
         <run_address>0x37bc</run_address>
         <size>0xdc</size>
         <alignment>0x4</alignment>
         <input_file_ref idref="fl-c"/>
      </object_component>
      <object_component id="oc-104">
         <name>.text</name>
         <load_address>0x3898</load_address>
         <readonly>true</readonly>
         <executable>true</executable>
         <run_address>0x3898</run_address>
         <size>0xd8</size>
         <alignment>0x4</alignment>
         <input_file_ref idref="fl-e0"/>
      </object_component>
      <object_component id="oc-108">
         <name>.text.gyro_get_yaw_error</name>
         <load_address>0x3970</load_address>
         <readonly>true</readonly>
         <executable>true</executable>
         <run_address>0x3970</run_address>
         <size>0xc4</size>
         <alignment>0x4</alignment>
         <input_file_ref idref="fl-7"/>
      </object_component>
      <object_component id="oc-d8">
         <name>.text.sensor_init</name>
         <load_address>0x3a34</load_address>
         <readonly>true</readonly>
         <executable>true</executable>
         <run_address>0x3a34</run_address>
         <size>0xc4</size>
         <alignment>0x4</alignment>
         <input_file_ref idref="fl-c"/>
      </object_component>
      <object_component id="oc-16f">
         <name>.text.SYSCFG_DL_GPIO_init</name>
         <load_address>0x3af8</load_address>
         <readonly>true</readonly>
         <executable>true</executable>
         <run_address>0x3af8</run_address>
         <size>0xc0</size>
         <alignment>0x4</alignment>
         <input_file_ref idref="fl-4"/>
      </object_component>
      <object_component id="oc-40">
         <name>.text.UART2_IRQHandler</name>
         <load_address>0x3bb8</load_address>
         <readonly>true</readonly>
         <executable>true</executable>
         <run_address>0x3bb8</run_address>
         <size>0xc0</size>
         <alignment>0x4</alignment>
         <input_file_ref idref="fl-7"/>
      </object_component>
      <object_component id="oc-72">
         <name>.text.vision_parse_byte</name>
         <load_address>0x3c78</load_address>
         <readonly>true</readonly>
         <executable>true</executable>
         <run_address>0x3c78</run_address>
         <size>0xbc</size>
         <alignment>0x4</alignment>
         <input_file_ref idref="fl-e"/>
      </object_component>
      <object_component id="oc-119">
         <name>.text.vision_init</name>
         <load_address>0x3d34</load_address>
         <readonly>true</readonly>
         <executable>true</executable>
         <run_address>0x3d34</run_address>
         <size>0xb4</size>
         <alignment>0x4</alignment>
         <input_file_ref idref="fl-e"/>
      </object_component>
      <object_component id="oc-109">
         <name>.text.motor_set</name>
         <load_address>0x3de8</load_address>
         <readonly>true</readonly>
         <executable>true</executable>
         <run_address>0x3de8</run_address>
         <size>0x9c</size>
         <alignment>0x4</alignment>
         <input_file_ref idref="fl-a"/>
      </object_component>
      <object_component id="oc-bb">
         <name>.text:memcpy</name>
         <load_address>0x3e84</load_address>
         <readonly>true</readonly>
         <executable>true</executable>
         <run_address>0x3e84</run_address>
         <size>0x9a</size>
         <alignment>0x1</alignment>
         <input_file_ref idref="fl-ed"/>
      </object_component>
      <object_component id="oc-33">
         <name>.text.Default_Handler</name>
         <load_address>0x3f1e</load_address>
         <readonly>true</readonly>
         <executable>true</executable>
         <run_address>0x3f1e</run_address>
         <size>0x2</size>
         <alignment>0x2</alignment>
         <input_file_ref idref="fl-5"/>
      </object_component>
      <object_component id="oc-101">
         <name>.text.encoder_update</name>
         <load_address>0x3f20</load_address>
         <readonly>true</readonly>
         <executable>true</executable>
         <run_address>0x3f20</run_address>
         <size>0x98</size>
         <alignment>0x4</alignment>
         <input_file_ref idref="fl-6"/>
      </object_component>
      <object_component id="oc-13b">
         <name>.text.sm_check_vertex</name>
         <load_address>0x3fb8</load_address>
         <readonly>true</readonly>
         <executable>true</executable>
         <run_address>0x3fb8</run_address>
         <size>0x98</size>
         <alignment>0x4</alignment>
         <input_file_ref idref="fl-d"/>
      </object_component>
      <object_component id="oc-fa">
         <name>.text.bt_init</name>
         <load_address>0x4050</load_address>
         <readonly>true</readonly>
         <executable>true</executable>
         <run_address>0x4050</run_address>
         <size>0x94</size>
         <alignment>0x4</alignment>
         <input_file_ref idref="fl-2"/>
      </object_component>
      <object_component id="oc-172">
         <name>.text.SYSCFG_DL_MOTOR_L_PWM_init</name>
         <load_address>0x40e4</load_address>
         <readonly>true</readonly>
         <executable>true</executable>
         <run_address>0x40e4</run_address>
         <size>0x90</size>
         <alignment>0x4</alignment>
         <input_file_ref idref="fl-4"/>
      </object_component>
      <object_component id="oc-7a">
         <name>.text.__mulsf3</name>
         <load_address>0x4174</load_address>
         <readonly>true</readonly>
         <executable>true</executable>
         <run_address>0x4174</run_address>
         <size>0x8c</size>
         <alignment>0x4</alignment>
         <input_file_ref idref="fl-e1"/>
      </object_component>
      <object_component id="oc-1a6">
         <name>.text.__divsf3</name>
         <load_address>0x4200</load_address>
         <readonly>true</readonly>
         <executable>true</executable>
         <run_address>0x4200</run_address>
         <size>0x82</size>
         <alignment>0x4</alignment>
         <input_file_ref idref="fl-e2"/>
      </object_component>
      <object_component id="oc-1e1">
         <name>.text.__aeabi_idiv0</name>
         <load_address>0x4282</load_address>
         <readonly>true</readonly>
         <executable>true</executable>
         <run_address>0x4282</run_address>
         <size>0x2</size>
         <alignment>0x2</alignment>
         <input_file_ref idref="fl-ec"/>
      </object_component>
      <object_component id="oc-1c">
         <name>.text:decompress:lzss</name>
         <load_address>0x4284</load_address>
         <readonly>true</readonly>
         <executable>true</executable>
         <run_address>0x4284</run_address>
         <size>0x7c</size>
         <alignment>0x4</alignment>
         <input_file_ref idref="fl-3c"/>
      </object_component>
      <object_component id="oc-e3">
         <name>.text.sm_set_task</name>
         <load_address>0x4300</load_address>
         <readonly>true</readonly>
         <executable>true</executable>
         <run_address>0x4300</run_address>
         <size>0x78</size>
         <alignment>0x4</alignment>
         <input_file_ref idref="fl-d"/>
      </object_component>
      <object_component id="oc-ea">
         <name>.text.__aeabi_fcmp</name>
         <load_address>0x4378</load_address>
         <readonly>true</readonly>
         <executable>true</executable>
         <run_address>0x4378</run_address>
         <size>0x62</size>
         <alignment>0x4</alignment>
         <input_file_ref idref="fl-e5"/>
      </object_component>
      <object_component id="oc-e2">
         <name>.text.gyro_calibrate</name>
         <load_address>0x43da</load_address>
         <readonly>true</readonly>
         <executable>true</executable>
         <run_address>0x43da</run_address>
         <size>0x2</size>
         <alignment>0x2</alignment>
         <input_file_ref idref="fl-7"/>
      </object_component>
      <object_component id="oc-1b4">
         <name>.text.__aeabi_idivmod</name>
         <load_address>0x43dc</load_address>
         <readonly>true</readonly>
         <executable>true</executable>
         <run_address>0x43dc</run_address>
         <size>0x56</size>
         <alignment>0x4</alignment>
         <input_file_ref idref="fl-e6"/>
      </object_component>
      <object_component id="oc-102">
         <name>.text.gyro_update</name>
         <load_address>0x4432</load_address>
         <readonly>true</readonly>
         <executable>true</executable>
         <run_address>0x4432</run_address>
         <size>0x2</size>
         <alignment>0x2</alignment>
         <input_file_ref idref="fl-7"/>
      </object_component>
      <object_component id="oc-149">
         <name>.text.sm_vertex_reached</name>
         <load_address>0x4434</load_address>
         <readonly>true</readonly>
         <executable>true</executable>
         <run_address>0x4434</run_address>
         <size>0x50</size>
         <alignment>0x4</alignment>
         <input_file_ref idref="fl-d"/>
      </object_component>
      <object_component id="oc-18a">
         <name>.text.DL_UART_init</name>
         <load_address>0x4484</load_address>
         <readonly>true</readonly>
         <executable>true</executable>
         <run_address>0x4484</run_address>
         <size>0x48</size>
         <alignment>0x4</alignment>
         <input_file_ref idref="fl-1e"/>
      </object_component>
      <object_component id="oc-f2">
         <name>.text.sensor_read_all</name>
         <load_address>0x44cc</load_address>
         <readonly>true</readonly>
         <executable>true</executable>
         <run_address>0x44cc</run_address>
         <size>0x48</size>
         <alignment>0x4</alignment>
         <input_file_ref idref="fl-c"/>
      </object_component>
      <object_component id="oc-170">
         <name>.text.SYSCFG_DL_SYSCTL_init</name>
         <load_address>0x4514</load_address>
         <readonly>true</readonly>
         <executable>true</executable>
         <run_address>0x4514</run_address>
         <size>0x40</size>
         <alignment>0x4</alignment>
         <input_file_ref idref="fl-4"/>
      </object_component>
      <object_component id="oc-16e">
         <name>.text.SYSCFG_DL_initPower</name>
         <load_address>0x4554</load_address>
         <readonly>true</readonly>
         <executable>true</executable>
         <run_address>0x4554</run_address>
         <size>0x40</size>
         <alignment>0x4</alignment>
         <input_file_ref idref="fl-4"/>
      </object_component>
      <object_component id="oc-1b8">
         <name>.text.__aeabi_uidivmod</name>
         <load_address>0x4594</load_address>
         <readonly>true</readonly>
         <executable>true</executable>
         <run_address>0x4594</run_address>
         <size>0x40</size>
         <alignment>0x4</alignment>
         <input_file_ref idref="fl-e9"/>
      </object_component>
      <object_component id="oc-76">
         <name>.text.__floatsisf</name>
         <load_address>0x45d4</load_address>
         <readonly>true</readonly>
         <executable>true</executable>
         <run_address>0x45d4</run_address>
         <size>0x3c</size>
         <alignment>0x4</alignment>
         <input_file_ref idref="fl-e4"/>
      </object_component>
      <object_component id="oc-19e">
         <name>.text.__gtsf2</name>
         <load_address>0x4610</load_address>
         <readonly>true</readonly>
         <executable>true</executable>
         <run_address>0x4610</run_address>
         <size>0x3c</size>
         <alignment>0x4</alignment>
         <input_file_ref idref="fl-ea"/>
      </object_component>
      <object_component id="oc-e9">
         <name>.text.sm_get_current_segment</name>
         <load_address>0x464c</load_address>
         <readonly>true</readonly>
         <executable>true</executable>
         <run_address>0x464c</run_address>
         <size>0x3c</size>
         <alignment>0x4</alignment>
         <input_file_ref idref="fl-d"/>
      </object_component>
      <object_component id="oc-154">
         <name>.text:__TI_auto_init_nobinit_nopinit</name>
         <load_address>0x4688</load_address>
         <readonly>true</readonly>
         <executable>true</executable>
         <run_address>0x4688</run_address>
         <size>0x3c</size>
         <alignment>0x4</alignment>
         <input_file_ref idref="fl-37"/>
      </object_component>
      <object_component id="oc-199">
         <name>.text.__eqsf2</name>
         <load_address>0x46c4</load_address>
         <readonly>true</readonly>
         <executable>true</executable>
         <run_address>0x46c4</run_address>
         <size>0x3a</size>
         <alignment>0x4</alignment>
         <input_file_ref idref="fl-ea"/>
      </object_component>
      <object_component id="oc-148">
         <name>.text.gyro_update_bias</name>
         <load_address>0x46fe</load_address>
         <readonly>true</readonly>
         <executable>true</executable>
         <run_address>0x46fe</run_address>
         <size>0x2</size>
         <alignment>0x2</alignment>
         <input_file_ref idref="fl-7"/>
      </object_component>
      <object_component id="oc-b1">
         <name>.text.__muldsi3</name>
         <load_address>0x4700</load_address>
         <readonly>true</readonly>
         <executable>true</executable>
         <run_address>0x4700</run_address>
         <size>0x3a</size>
         <alignment>0x4</alignment>
         <input_file_ref idref="fl-eb"/>
      </object_component>
      <object_component id="oc-173">
         <name>.text.SYSCFG_DL_CTRL_TIMER_init</name>
         <load_address>0x473c</load_address>
         <readonly>true</readonly>
         <executable>true</executable>
         <run_address>0x473c</run_address>
         <size>0x38</size>
         <alignment>0x4</alignment>
         <input_file_ref idref="fl-4"/>
      </object_component>
      <object_component id="oc-10d">
         <name>.text.__fixsfsi</name>
         <load_address>0x4774</load_address>
         <readonly>true</readonly>
         <executable>true</executable>
         <run_address>0x4774</run_address>
         <size>0x38</size>
         <alignment>0x4</alignment>
         <input_file_ref idref="fl-e3"/>
      </object_component>
      <object_component id="oc-100">
         <name>.text.encoder_reset_distance</name>
         <load_address>0x47ac</load_address>
         <readonly>true</readonly>
         <executable>true</executable>
         <run_address>0x47ac</run_address>
         <size>0x34</size>
         <alignment>0x4</alignment>
         <input_file_ref idref="fl-6"/>
      </object_component>
      <object_component id="oc-d1">
         <name>.text.lcd_puts</name>
         <load_address>0x47e0</load_address>
         <readonly>true</readonly>
         <executable>true</executable>
         <run_address>0x47e0</run_address>
         <size>0x32</size>
         <alignment>0x2</alignment>
         <input_file_ref idref="fl-8"/>
      </object_component>
      <object_component id="oc-124">
         <name>.text.bt_send_str</name>
         <load_address>0x4814</load_address>
         <readonly>true</readonly>
         <executable>true</executable>
         <run_address>0x4814</run_address>
         <size>0x30</size>
         <alignment>0x4</alignment>
         <input_file_ref idref="fl-2"/>
      </object_component>
      <object_component id="oc-34">
         <name>.text.GROUP0_IRQHandler</name>
         <load_address>0x4844</load_address>
         <readonly>true</readonly>
         <executable>true</executable>
         <run_address>0x4844</run_address>
         <size>0x28</size>
         <alignment>0x4</alignment>
         <input_file_ref idref="fl-6"/>
      </object_component>
      <object_component id="oc-3a">
         <name>.text.GROUP1_IRQHandler</name>
         <load_address>0x486c</load_address>
         <readonly>true</readonly>
         <executable>true</executable>
         <run_address>0x486c</run_address>
         <size>0x28</size>
         <alignment>0x4</alignment>
         <input_file_ref idref="fl-6"/>
      </object_component>
      <object_component id="oc-128">
         <name>.text.sensor_get_gray</name>
         <load_address>0x4894</load_address>
         <readonly>true</readonly>
         <executable>true</executable>
         <run_address>0x4894</run_address>
         <size>0x28</size>
         <alignment>0x4</alignment>
         <input_file_ref idref="fl-c"/>
      </object_component>
      <object_component id="oc-67">
         <name>.text:_c_int00_noargs</name>
         <load_address>0x48bc</load_address>
         <readonly>true</readonly>
         <executable>true</executable>
         <run_address>0x48bc</run_address>
         <size>0x28</size>
         <alignment>0x4</alignment>
         <input_file_ref idref="fl-35"/>
      </object_component>
      <object_component id="oc-3b">
         <name>.text.UART1_IRQHandler</name>
         <load_address>0x48e4</load_address>
         <readonly>true</readonly>
         <executable>true</executable>
         <run_address>0x48e4</run_address>
         <size>0x20</size>
         <alignment>0x4</alignment>
         <input_file_ref idref="fl-e"/>
      </object_component>
      <object_component id="oc-103">
         <name>.text.encoder_get_distance</name>
         <load_address>0x4904</load_address>
         <readonly>true</readonly>
         <executable>true</executable>
         <run_address>0x4904</run_address>
         <size>0x20</size>
         <alignment>0x4</alignment>
         <input_file_ref idref="fl-6"/>
      </object_component>
      <object_component id="oc-1d2">
         <name>.text.DL_Timer_setCaptCompUpdateMethod</name>
         <load_address>0x4924</load_address>
         <readonly>true</readonly>
         <executable>true</executable>
         <run_address>0x4924</run_address>
         <size>0x1c</size>
         <alignment>0x4</alignment>
         <input_file_ref idref="fl-1d"/>
      </object_component>
      <object_component id="oc-1cf">
         <name>.text.DL_Timer_setClockConfig</name>
         <load_address>0x4940</load_address>
         <readonly>true</readonly>
         <executable>true</executable>
         <run_address>0x4940</run_address>
         <size>0x1c</size>
         <alignment>0x4</alignment>
         <input_file_ref idref="fl-1d"/>
      </object_component>
      <object_component id="oc-10b">
         <name>.text.motor_brake</name>
         <load_address>0x495c</load_address>
         <readonly>true</readonly>
         <executable>true</executable>
         <run_address>0x495c</run_address>
         <size>0x1c</size>
         <alignment>0x4</alignment>
         <input_file_ref idref="fl-a"/>
      </object_component>
      <object_component id="oc-e0">
         <name>.text.motor_coast</name>
         <load_address>0x4978</load_address>
         <readonly>true</readonly>
         <executable>true</executable>
         <run_address>0x4978</run_address>
         <size>0x1c</size>
         <alignment>0x4</alignment>
         <input_file_ref idref="fl-a"/>
      </object_component>
      <object_component id="oc-1d1">
         <name>.text.DL_Timer_setCaptureCompareOutCtl</name>
         <load_address>0x4994</load_address>
         <readonly>true</readonly>
         <executable>true</executable>
         <run_address>0x4994</run_address>
         <size>0x18</size>
         <alignment>0x4</alignment>
         <input_file_ref idref="fl-1d"/>
      </object_component>
      <object_component id="oc-c0">
         <name>.text.SYSCFG_DL_init</name>
         <load_address>0x49ac</load_address>
         <readonly>true</readonly>
         <executable>true</executable>
         <run_address>0x49ac</run_address>
         <size>0x18</size>
         <alignment>0x2</alignment>
         <input_file_ref idref="fl-4"/>
      </object_component>
      <object_component id="oc-d3">
         <name>.text.motor_init</name>
         <load_address>0x49c4</load_address>
         <readonly>true</readonly>
         <executable>true</executable>
         <run_address>0x49c4</run_address>
         <size>0x18</size>
         <alignment>0x4</alignment>
         <input_file_ref idref="fl-a"/>
      </object_component>
      <object_component id="oc-5e">
         <name>.text:decompress:ZI:__TI_zero_init_nomemset</name>
         <load_address>0x49dc</load_address>
         <readonly>true</readonly>
         <executable>true</executable>
         <run_address>0x49dc</run_address>
         <size>0x16</size>
         <alignment>0x2</alignment>
         <input_file_ref idref="fl-3a"/>
      </object_component>
      <object_component id="oc-d0">
         <name>.text.lcd_set_cursor</name>
         <load_address>0x49f4</load_address>
         <readonly>true</readonly>
         <executable>true</executable>
         <run_address>0x49f4</run_address>
         <size>0x14</size>
         <alignment>0x4</alignment>
         <input_file_ref idref="fl-8"/>
      </object_component>
      <object_component id="oc-da">
         <name>.text.pid_init</name>
         <load_address>0x4a08</load_address>
         <readonly>true</readonly>
         <executable>true</executable>
         <run_address>0x4a08</run_address>
         <size>0x14</size>
         <alignment>0x2</alignment>
         <input_file_ref idref="fl-b"/>
      </object_component>
      <object_component id="oc-184">
         <name>.text.DL_UART_setClockConfig</name>
         <load_address>0x4a1c</load_address>
         <readonly>true</readonly>
         <executable>true</executable>
         <run_address>0x4a1c</run_address>
         <size>0x12</size>
         <alignment>0x2</alignment>
         <input_file_ref idref="fl-1e"/>
      </object_component>
      <object_component id="oc-125">
         <name>.text.sensor_is_line_detected</name>
         <load_address>0x4a2e</load_address>
         <readonly>true</readonly>
         <executable>true</executable>
         <run_address>0x4a2e</run_address>
         <size>0x12</size>
         <alignment>0x2</alignment>
         <input_file_ref idref="fl-c"/>
      </object_component>
      <object_component id="oc-20">
         <name>.text:decompress:none</name>
         <load_address>0x4a40</load_address>
         <readonly>true</readonly>
         <executable>true</executable>
         <run_address>0x4a40</run_address>
         <size>0x12</size>
         <alignment>0x2</alignment>
         <input_file_ref idref="fl-3b"/>
      </object_component>
      <object_component id="oc-1ad">
         <name>.text.DL_Timer_setCaptureCompareValue</name>
         <load_address>0x4a54</load_address>
         <readonly>true</readonly>
         <executable>true</executable>
         <run_address>0x4a54</run_address>
         <size>0x10</size>
         <alignment>0x4</alignment>
         <input_file_ref idref="fl-1d"/>
      </object_component>
      <object_component id="oc-d9">
         <name>.text.encoder_init</name>
         <load_address>0x4a64</load_address>
         <readonly>true</readonly>
         <executable>true</executable>
         <run_address>0x4a64</run_address>
         <size>0x10</size>
         <alignment>0x4</alignment>
         <input_file_ref idref="fl-6"/>
      </object_component>
      <object_component id="oc-ef">
         <name>.text.sm_sync_start</name>
         <load_address>0x4a74</load_address>
         <readonly>true</readonly>
         <executable>true</executable>
         <run_address>0x4a74</run_address>
         <size>0x10</size>
         <alignment>0x4</alignment>
         <input_file_ref idref="fl-d"/>
      </object_component>
      <object_component id="oc-f0">
         <name>.text.gyro_get_yaw</name>
         <load_address>0x4a84</load_address>
         <readonly>true</readonly>
         <executable>true</executable>
         <run_address>0x4a84</run_address>
         <size>0xc</size>
         <alignment>0x4</alignment>
         <input_file_ref idref="fl-7"/>
      </object_component>
      <object_component id="oc-10c">
         <name>.text.gyro_get_z</name>
         <load_address>0x4a90</load_address>
         <readonly>true</readonly>
         <executable>true</executable>
         <run_address>0x4a90</run_address>
         <size>0xc</size>
         <alignment>0x4</alignment>
         <input_file_ref idref="fl-7"/>
      </object_component>
      <object_component id="oc-f1">
         <name>.text.gyro_set_target_yaw</name>
         <load_address>0x4a9c</load_address>
         <readonly>true</readonly>
         <executable>true</executable>
         <run_address>0x4a9c</run_address>
         <size>0xc</size>
         <alignment>0x4</alignment>
         <input_file_ref idref="fl-7"/>
      </object_component>
      <object_component id="oc-c5">
         <name>.text.DL_Common_delayCycles</name>
         <load_address>0x4aa8</load_address>
         <readonly>true</readonly>
         <executable>true</executable>
         <run_address>0x4aa8</run_address>
         <size>0xa</size>
         <alignment>0x2</alignment>
         <input_file_ref idref="fl-1c"/>
      </object_component>
      <object_component id="oc-14a">
         <name>.text.pid_reset</name>
         <load_address>0x4ab2</load_address>
         <readonly>true</readonly>
         <executable>true</executable>
         <run_address>0x4ab2</run_address>
         <size>0xa</size>
         <alignment>0x2</alignment>
         <input_file_ref idref="fl-b"/>
      </object_component>
      <object_component id="oc-57">
         <name>.text.__aeabi_memcpy</name>
         <load_address>0x4abc</load_address>
         <readonly>true</readonly>
         <executable>true</executable>
         <run_address>0x4abc</run_address>
         <size>0x8</size>
         <alignment>0x4</alignment>
         <input_file_ref idref="fl-e7"/>
      </object_component>
      <object_component id="oc-14d">
         <name>.text:abort</name>
         <load_address>0x4ac4</load_address>
         <readonly>true</readonly>
         <executable>true</executable>
         <run_address>0x4ac4</run_address>
         <size>0x6</size>
         <alignment>0x2</alignment>
         <input_file_ref idref="fl-3d"/>
      </object_component>
      <object_component id="oc-1be">
         <name>.text.HOSTexit</name>
         <load_address>0x4aca</load_address>
         <readonly>true</readonly>
         <executable>true</executable>
         <run_address>0x4aca</run_address>
         <size>0x4</size>
         <alignment>0x2</alignment>
         <input_file_ref idref="fl-df"/>
      </object_component>
      <object_component id="oc-2f">
         <name>.text.Reset_Handler</name>
         <load_address>0x4ace</load_address>
         <readonly>true</readonly>
         <executable>true</executable>
         <run_address>0x4ace</run_address>
         <size>0x4</size>
         <alignment>0x2</alignment>
         <input_file_ref idref="fl-5"/>
      </object_component>
      <object_component id="oc-97">
         <name>.text._system_pre_init</name>
         <load_address>0x4ad2</load_address>
         <readonly>true</readonly>
         <executable>true</executable>
         <run_address>0x4ad2</run_address>
         <size>0x4</size>
         <alignment>0x2</alignment>
         <input_file_ref idref="fl-38"/>
      </object_component>
      <object_component id="oc-129">
         <name>.text.gyro_get_err</name>
         <load_address>0x4ad6</load_address>
         <readonly>true</readonly>
         <executable>true</executable>
         <run_address>0x4ad6</run_address>
         <size>0x4</size>
         <alignment>0x2</alignment>
         <input_file_ref idref="fl-7"/>
      </object_component>
      <object_component id="oc-237">
         <name>.cinit..data.load</name>
         <load_address>0x52d8</load_address>
         <readonly>true</readonly>
         <run_address>0x52d8</run_address>
         <size>0x14</size>
         <alignment>0x1</alignment>
      </object_component>
      <object_component id="oc-235">
         <name>__TI_handler_table</name>
         <load_address>0x52ec</load_address>
         <readonly>true</readonly>
         <run_address>0x52ec</run_address>
         <size>0xc</size>
         <alignment>0x4</alignment>
      </object_component>
      <object_component id="oc-238">
         <name>.cinit..bss.load</name>
         <load_address>0x52f8</load_address>
         <readonly>true</readonly>
         <run_address>0x52f8</run_address>
         <size>0x8</size>
         <alignment>0x4</alignment>
      </object_component>
      <object_component id="oc-236">
         <name>__TI_cinit_table</name>
         <load_address>0x5300</load_address>
         <readonly>true</readonly>
         <run_address>0x5300</run_address>
         <size>0x10</size>
         <alignment>0x4</alignment>
      </object_component>
      <object_component id="oc-181">
         <name>.rodata.g_font_8x16</name>
         <load_address>0x4ae0</load_address>
         <readonly>true</readonly>
         <run_address>0x4ae0</run_address>
         <size>0x5f0</size>
         <alignment>0x1</alignment>
         <input_file_ref idref="fl-8"/>
      </object_component>
      <object_component id="oc-1db">
         <name>.rodata.path_task2</name>
         <load_address>0x50d0</load_address>
         <readonly>true</readonly>
         <run_address>0x50d0</run_address>
         <size>0x50</size>
         <alignment>0x4</alignment>
         <input_file_ref idref="fl-d"/>
      </object_component>
      <object_component id="oc-1dc">
         <name>.rodata.path_task3</name>
         <load_address>0x5120</load_address>
         <readonly>true</readonly>
         <run_address>0x5120</run_address>
         <size>0x50</size>
         <alignment>0x4</alignment>
         <input_file_ref idref="fl-d"/>
      </object_component>
      <object_component id="oc-1da">
         <name>.rodata.cst32</name>
         <load_address>0x5170</load_address>
         <readonly>true</readonly>
         <run_address>0x5170</run_address>
         <size>0x20</size>
         <alignment>0x4</alignment>
         <input_file_ref idref="fl-d"/>
      </object_component>
      <object_component id="oc-1d7">
         <name>.rodata.gCTRL_TIMERTimerConfig</name>
         <load_address>0x5190</load_address>
         <readonly>true</readonly>
         <run_address>0x5190</run_address>
         <size>0x14</size>
         <alignment>0x4</alignment>
         <input_file_ref idref="fl-4"/>
      </object_component>
      <object_component id="oc-f9">
         <name>.rodata.str1.8154729771448623357.1</name>
         <load_address>0x51a4</load_address>
         <readonly>true</readonly>
         <run_address>0x51a4</run_address>
         <size>0x11</size>
         <alignment>0x1</alignment>
         <input_file_ref idref="fl-9"/>
      </object_component>
      <object_component id="oc-1d6">
         <name>.rodata.gCTRL_TIMERClockConfig</name>
         <load_address>0x51b5</load_address>
         <readonly>true</readonly>
         <run_address>0x51b5</run_address>
         <size>0x3</size>
         <alignment>0x1</alignment>
         <input_file_ref idref="fl-4"/>
      </object_component>
      <object_component id="oc-194">
         <name>.rodata..Lswitch.table.sm_set_task</name>
         <load_address>0x51b8</load_address>
         <readonly>true</readonly>
         <run_address>0x51b8</run_address>
         <size>0x10</size>
         <alignment>0x4</alignment>
         <input_file_ref idref="fl-d"/>
      </object_component>
      <object_component id="oc-13c">
         <name>.rodata.str1.14466178792657420020.1</name>
         <load_address>0x51c8</load_address>
         <readonly>true</readonly>
         <run_address>0x51c8</run_address>
         <size>0x10</size>
         <alignment>0x1</alignment>
         <input_file_ref idref="fl-9"/>
      </object_component>
      <object_component id="oc-f8">
         <name>.rodata.str1.15159059442110792349.1</name>
         <load_address>0x51d8</load_address>
         <readonly>true</readonly>
         <run_address>0x51d8</run_address>
         <size>0xf</size>
         <alignment>0x1</alignment>
         <input_file_ref idref="fl-9"/>
      </object_component>
      <object_component id="oc-f4">
         <name>.rodata.str1.6554448696319176064.1</name>
         <load_address>0x51e7</load_address>
         <readonly>true</readonly>
         <run_address>0x51e7</run_address>
         <size>0xf</size>
         <alignment>0x1</alignment>
         <input_file_ref idref="fl-9"/>
      </object_component>
      <object_component id="oc-131">
         <name>.rodata.str1.10313062130652730376.1</name>
         <load_address>0x51f6</load_address>
         <readonly>true</readonly>
         <run_address>0x51f6</run_address>
         <size>0xd</size>
         <alignment>0x1</alignment>
         <input_file_ref idref="fl-9"/>
      </object_component>
      <object_component id="oc-11e">
         <name>.rodata.str1.11702106008850790973.1</name>
         <load_address>0x5203</load_address>
         <readonly>true</readonly>
         <run_address>0x5203</run_address>
         <size>0xd</size>
         <alignment>0x1</alignment>
         <input_file_ref idref="fl-9"/>
      </object_component>
      <object_component id="oc-f3">
         <name>.rodata.str1.17045314124001216156.1</name>
         <load_address>0x5210</load_address>
         <readonly>true</readonly>
         <run_address>0x5210</run_address>
         <size>0xd</size>
         <alignment>0x1</alignment>
         <input_file_ref idref="fl-9"/>
      </object_component>
      <object_component id="oc-133">
         <name>.rodata.str1.2123964117280943167.1</name>
         <load_address>0x521d</load_address>
         <readonly>true</readonly>
         <run_address>0x521d</run_address>
         <size>0xd</size>
         <alignment>0x1</alignment>
         <input_file_ref idref="fl-9"/>
      </object_component>
      <object_component id="oc-12c">
         <name>.rodata.str1.8076846746581808073.1</name>
         <load_address>0x522a</load_address>
         <readonly>true</readonly>
         <run_address>0x522a</run_address>
         <size>0xd</size>
         <alignment>0x1</alignment>
         <input_file_ref idref="fl-9"/>
      </object_component>
      <object_component id="oc-112">
         <name>.rodata.str1.17100691992556644108.1</name>
         <load_address>0x5237</load_address>
         <readonly>true</readonly>
         <run_address>0x5237</run_address>
         <size>0xc</size>
         <alignment>0x1</alignment>
         <input_file_ref idref="fl-9"/>
      </object_component>
      <object_component id="oc-11a">
         <name>.rodata.str1.13782249893155712474.1</name>
         <load_address>0x5243</load_address>
         <readonly>true</readonly>
         <run_address>0x5243</run_address>
         <size>0xa</size>
         <alignment>0x1</alignment>
         <input_file_ref idref="fl-9"/>
      </object_component>
      <object_component id="oc-1d3">
         <name>.rodata.gMOTOR_L_PWMClockConfig</name>
         <load_address>0x524d</load_address>
         <readonly>true</readonly>
         <run_address>0x524d</run_address>
         <size>0x3</size>
         <alignment>0x1</alignment>
         <input_file_ref idref="fl-4"/>
      </object_component>
      <object_component id="oc-1d4">
         <name>.rodata.gMOTOR_L_PWMConfig</name>
         <load_address>0x5250</load_address>
         <readonly>true</readonly>
         <run_address>0x5250</run_address>
         <size>0x8</size>
         <alignment>0x4</alignment>
         <input_file_ref idref="fl-4"/>
      </object_component>
      <object_component id="oc-138">
         <name>.rodata.str1.2846389346932560359.1</name>
         <load_address>0x5258</load_address>
         <readonly>true</readonly>
         <run_address>0x5258</run_address>
         <size>0x8</size>
         <alignment>0x1</alignment>
         <input_file_ref idref="fl-9"/>
      </object_component>
      <object_component id="oc-8b">
         <name>.rodata..Lswitch.table.UART0_IRQHandler</name>
         <load_address>0x5260</load_address>
         <readonly>true</readonly>
         <run_address>0x5260</run_address>
         <size>0x7</size>
         <alignment>0x1</alignment>
         <input_file_ref idref="fl-c"/>
      </object_component>
      <object_component id="oc-139">
         <name>.rodata.str1.18092426736022315238.1</name>
         <load_address>0x5267</load_address>
         <readonly>true</readonly>
         <run_address>0x5267</run_address>
         <size>0x7</size>
         <alignment>0x1</alignment>
         <input_file_ref idref="fl-9"/>
      </object_component>
      <object_component id="oc-137">
         <name>.rodata.str1.18227636981041470289.1</name>
         <load_address>0x526e</load_address>
         <readonly>true</readonly>
         <run_address>0x526e</run_address>
         <size>0x7</size>
         <alignment>0x1</alignment>
         <input_file_ref idref="fl-9"/>
      </object_component>
      <object_component id="oc-12a">
         <name>.rodata.str1.7996925722583989644.1</name>
         <load_address>0x5275</load_address>
         <readonly>true</readonly>
         <run_address>0x5275</run_address>
         <size>0x7</size>
         <alignment>0x1</alignment>
         <input_file_ref idref="fl-9"/>
      </object_component>
      <object_component id="oc-11c">
         <name>.rodata.str1.13288086030101331538.1</name>
         <load_address>0x527c</load_address>
         <readonly>true</readonly>
         <run_address>0x527c</run_address>
         <size>0x6</size>
         <alignment>0x1</alignment>
         <input_file_ref idref="fl-9"/>
      </object_component>
      <object_component id="oc-12b">
         <name>.rodata.str1.8096991282711418442.1</name>
         <load_address>0x5282</load_address>
         <readonly>true</readonly>
         <run_address>0x5282</run_address>
         <size>0x6</size>
         <alignment>0x1</alignment>
         <input_file_ref idref="fl-9"/>
      </object_component>
      <object_component id="oc-116">
         <name>.rodata.str1.288608917962107522.1</name>
         <load_address>0x5288</load_address>
         <readonly>true</readonly>
         <run_address>0x5288</run_address>
         <size>0x5</size>
         <alignment>0x1</alignment>
         <input_file_ref idref="fl-9"/>
      </object_component>
      <object_component id="oc-144">
         <name>.rodata.str1.5043408953494467246.1</name>
         <load_address>0x528d</load_address>
         <readonly>true</readonly>
         <run_address>0x528d</run_address>
         <size>0x5</size>
         <alignment>0x1</alignment>
         <input_file_ref idref="fl-9"/>
      </object_component>
      <object_component id="oc-143">
         <name>.rodata.str1.8320541211001259012.1</name>
         <load_address>0x5292</load_address>
         <readonly>true</readonly>
         <run_address>0x5292</run_address>
         <size>0x5</size>
         <alignment>0x1</alignment>
         <input_file_ref idref="fl-9"/>
      </object_component>
      <object_component id="oc-136">
         <name>.rodata.str1.11870794119293528247.1</name>
         <load_address>0x5297</load_address>
         <readonly>true</readonly>
         <run_address>0x5297</run_address>
         <size>0x4</size>
         <alignment>0x1</alignment>
         <input_file_ref idref="fl-9"/>
      </object_component>
      <object_component id="oc-123">
         <name>.rodata.str1.1311392489248731986.1</name>
         <load_address>0x529b</load_address>
         <readonly>true</readonly>
         <run_address>0x529b</run_address>
         <size>0x4</size>
         <alignment>0x1</alignment>
         <input_file_ref idref="fl-9"/>
      </object_component>
      <object_component id="oc-122">
         <name>.rodata.str1.16302215771116645891.1</name>
         <load_address>0x529f</load_address>
         <readonly>true</readonly>
         <run_address>0x529f</run_address>
         <size>0x4</size>
         <alignment>0x1</alignment>
         <input_file_ref idref="fl-9"/>
      </object_component>
      <object_component id="oc-120">
         <name>.rodata.str1.3530083166107438000.1</name>
         <load_address>0x52a3</load_address>
         <readonly>true</readonly>
         <run_address>0x52a3</run_address>
         <size>0x4</size>
         <alignment>0x1</alignment>
         <input_file_ref idref="fl-9"/>
      </object_component>
      <object_component id="oc-132">
         <name>.rodata.str1.6891813955777630061.1</name>
         <load_address>0x52a7</load_address>
         <readonly>true</readonly>
         <run_address>0x52a7</run_address>
         <size>0x4</size>
         <alignment>0x1</alignment>
         <input_file_ref idref="fl-9"/>
      </object_component>
      <object_component id="oc-121">
         <name>.rodata.str1.7784929982665794503.1</name>
         <load_address>0x52ab</load_address>
         <readonly>true</readonly>
         <run_address>0x52ab</run_address>
         <size>0x4</size>
         <alignment>0x1</alignment>
         <input_file_ref idref="fl-9"/>
      </object_component>
      <object_component id="oc-11f">
         <name>.rodata.str1.10635229749459437609.1</name>
         <load_address>0x52af</load_address>
         <readonly>true</readonly>
         <run_address>0x52af</run_address>
         <size>0x3</size>
         <alignment>0x1</alignment>
         <input_file_ref idref="fl-9"/>
      </object_component>
      <object_component id="oc-145">
         <name>.rodata.str1.11321157723316767883.1</name>
         <load_address>0x52b2</load_address>
         <readonly>true</readonly>
         <run_address>0x52b2</run_address>
         <size>0x3</size>
         <alignment>0x1</alignment>
         <input_file_ref idref="fl-9"/>
      </object_component>
      <object_component id="oc-12e">
         <name>.rodata.str1.14112174005742061988.1</name>
         <load_address>0x52b5</load_address>
         <readonly>true</readonly>
         <run_address>0x52b5</run_address>
         <size>0x3</size>
         <alignment>0x1</alignment>
         <input_file_ref idref="fl-9"/>
      </object_component>
      <object_component id="oc-f5">
         <name>.rodata.str1.14402440632258215044.1</name>
         <load_address>0x52b8</load_address>
         <readonly>true</readonly>
         <run_address>0x52b8</run_address>
         <size>0x3</size>
         <alignment>0x1</alignment>
         <input_file_ref idref="fl-9"/>
      </object_component>
      <object_component id="oc-118">
         <name>.rodata.str1.15996357275703397564.1</name>
         <load_address>0x52bb</load_address>
         <readonly>true</readonly>
         <run_address>0x52bb</run_address>
         <size>0x3</size>
         <alignment>0x1</alignment>
         <input_file_ref idref="fl-9"/>
      </object_component>
      <object_component id="oc-117">
         <name>.rodata.str1.16265332423659789559.1</name>
         <load_address>0x52be</load_address>
         <readonly>true</readonly>
         <run_address>0x52be</run_address>
         <size>0x3</size>
         <alignment>0x1</alignment>
         <input_file_ref idref="fl-9"/>
      </object_component>
      <object_component id="oc-11b">
         <name>.rodata.str1.16631870348416990953.1</name>
         <load_address>0x52c1</load_address>
         <readonly>true</readonly>
         <run_address>0x52c1</run_address>
         <size>0x3</size>
         <alignment>0x1</alignment>
         <input_file_ref idref="fl-9"/>
      </object_component>
      <object_component id="oc-12f">
         <name>.rodata.str1.7702501944640899365.1</name>
         <load_address>0x52c4</load_address>
         <readonly>true</readonly>
         <run_address>0x52c4</run_address>
         <size>0x3</size>
         <alignment>0x1</alignment>
         <input_file_ref idref="fl-9"/>
      </object_component>
      <object_component id="oc-115">
         <name>.rodata.str1.12180500075719773345.1</name>
         <load_address>0x52c7</load_address>
         <readonly>true</readonly>
         <run_address>0x52c7</run_address>
         <size>0x2</size>
         <alignment>0x1</alignment>
         <input_file_ref idref="fl-9"/>
      </object_component>
      <object_component id="oc-12d">
         <name>.rodata.str1.14079361385603432444.1</name>
         <load_address>0x52c9</load_address>
         <readonly>true</readonly>
         <run_address>0x52c9</run_address>
         <size>0x2</size>
         <alignment>0x1</alignment>
         <input_file_ref idref="fl-9"/>
      </object_component>
      <object_component id="oc-11d">
         <name>.rodata.str1.17376258722486336754.1</name>
         <load_address>0x52cb</load_address>
         <readonly>true</readonly>
         <run_address>0x52cb</run_address>
         <size>0x2</size>
         <alignment>0x1</alignment>
         <input_file_ref idref="fl-9"/>
      </object_component>
      <object_component id="oc-146">
         <name>.rodata.str1.2563708670032483588.1</name>
         <load_address>0x52cd</load_address>
         <readonly>true</readonly>
         <run_address>0x52cd</run_address>
         <size>0x2</size>
         <alignment>0x1</alignment>
         <input_file_ref idref="fl-9"/>
      </object_component>
      <object_component id="oc-130">
         <name>.rodata.str1.2763581881760962609.1</name>
         <load_address>0x52cf</load_address>
         <readonly>true</readonly>
         <run_address>0x52cf</run_address>
         <size>0x2</size>
         <alignment>0x1</alignment>
         <input_file_ref idref="fl-9"/>
      </object_component>
      <object_component id="oc-135">
         <name>.rodata.str1.8108965883388295311.1</name>
         <load_address>0x52d1</load_address>
         <readonly>true</readonly>
         <run_address>0x52d1</run_address>
         <size>0x2</size>
         <alignment>0x1</alignment>
         <input_file_ref idref="fl-9"/>
      </object_component>
      <object_component id="oc-134">
         <name>.rodata.str1.9059077390166914652.1</name>
         <load_address>0x52d3</load_address>
         <readonly>true</readonly>
         <run_address>0x52d3</run_address>
         <size>0x2</size>
         <alignment>0x1</alignment>
         <input_file_ref idref="fl-9"/>
      </object_component>
      <object_component id="oc-1ff">
         <name>.binit</name>
         <load_address>0x0</load_address>
         <readonly>true</readonly>
         <run_address>0x0</run_address>
         <size>0x0</size>
         <alignment>0x4</alignment>
      </object_component>
      <object_component id="oc-71">
         <name>.data.g_enc_l_cnt</name>
         <load_address>0x20200138</load_address>
         <readwrite>true</readwrite>
         <run_address>0x20200138</run_address>
         <size>0x4</size>
         <alignment>0x4</alignment>
         <input_file_ref idref="fl-6"/>
      </object_component>
      <object_component id="oc-6e">
         <name>.data.g_enc_r_cnt</name>
         <load_address>0x2020013c</load_address>
         <readwrite>true</readwrite>
         <run_address>0x2020013c</run_address>
         <size>0x4</size>
         <alignment>0x4</alignment>
         <input_file_ref idref="fl-6"/>
      </object_component>
      <object_component id="oc-1a4">
         <name>.data.g_last_l</name>
         <load_address>0x20200144</load_address>
         <readwrite>true</readwrite>
         <run_address>0x20200144</run_address>
         <size>0x4</size>
         <alignment>0x4</alignment>
         <input_file_ref idref="fl-6"/>
      </object_component>
      <object_component id="oc-1a5">
         <name>.data.g_last_r</name>
         <load_address>0x20200148</load_address>
         <readwrite>true</readwrite>
         <run_address>0x20200148</run_address>
         <size>0x4</size>
         <alignment>0x4</alignment>
         <input_file_ref idref="fl-6"/>
      </object_component>
      <object_component id="oc-1aa">
         <name>.data.g_speed_l</name>
         <load_address>0x20200150</load_address>
         <readwrite>true</readwrite>
         <run_address>0x20200150</run_address>
         <size>0x4</size>
         <alignment>0x4</alignment>
         <input_file_ref idref="fl-6"/>
      </object_component>
      <object_component id="oc-1ab">
         <name>.data.g_speed_r</name>
         <load_address>0x20200154</load_address>
         <readwrite>true</readwrite>
         <run_address>0x20200154</run_address>
         <size>0x4</size>
         <alignment>0x4</alignment>
         <input_file_ref idref="fl-6"/>
      </object_component>
      <object_component id="oc-1a2">
         <name>.data.g_dist_l</name>
         <load_address>0x20200130</load_address>
         <readwrite>true</readwrite>
         <run_address>0x20200130</run_address>
         <size>0x4</size>
         <alignment>0x4</alignment>
         <input_file_ref idref="fl-6"/>
      </object_component>
      <object_component id="oc-1a3">
         <name>.data.g_dist_r</name>
         <load_address>0x20200134</load_address>
         <readwrite>true</readwrite>
         <run_address>0x20200134</run_address>
         <size>0x4</size>
         <alignment>0x4</alignment>
         <input_file_ref idref="fl-6"/>
      </object_component>
      <object_component id="oc-7e">
         <name>.data.g_fidx</name>
         <load_address>0x20200185</load_address>
         <readwrite>true</readwrite>
         <run_address>0x20200185</run_address>
         <size>0x1</size>
         <alignment>0x1</alignment>
         <input_file_ref idref="fl-7"/>
      </object_component>
      <object_component id="oc-82">
         <name>.data.g_gz_raw</name>
         <load_address>0x20200140</load_address>
         <readwrite>true</readwrite>
         <run_address>0x20200140</run_address>
         <size>0x4</size>
         <alignment>0x4</alignment>
         <input_file_ref idref="fl-7"/>
      </object_component>
      <object_component id="oc-83">
         <name>.data.g_new_gz</name>
         <load_address>0x20200189</load_address>
         <readwrite>true</readwrite>
         <run_address>0x20200189</run_address>
         <size>0x1</size>
         <alignment>0x1</alignment>
         <input_file_ref idref="fl-7"/>
      </object_component>
      <object_component id="oc-80">
         <name>.data.g_yaw</name>
         <load_address>0x2020015c</load_address>
         <readwrite>true</readwrite>
         <run_address>0x2020015c</run_address>
         <size>0x4</size>
         <alignment>0x4</alignment>
         <input_file_ref idref="fl-7"/>
      </object_component>
      <object_component id="oc-81">
         <name>.data.g_new_yaw</name>
         <load_address>0x2020018a</load_address>
         <readwrite>true</readwrite>
         <run_address>0x2020018a</run_address>
         <size>0x1</size>
         <alignment>0x1</alignment>
         <input_file_ref idref="fl-7"/>
      </object_component>
      <object_component id="oc-18d">
         <name>.data.g_gyro_ok</name>
         <load_address>0x20200188</load_address>
         <readwrite>true</readwrite>
         <run_address>0x20200188</run_address>
         <size>0x1</size>
         <alignment>0x4</alignment>
         <input_file_ref idref="fl-7"/>
      </object_component>
      <object_component id="oc-18e">
         <name>.data.g_target</name>
         <load_address>0x20200158</load_address>
         <readwrite>true</readwrite>
         <run_address>0x20200158</run_address>
         <size>0x4</size>
         <alignment>0x4</alignment>
         <input_file_ref idref="fl-7"/>
      </object_component>
      <object_component id="oc-17a">
         <name>.data.g_cx</name>
         <load_address>0x20200178</load_address>
         <readwrite>true</readwrite>
         <run_address>0x20200178</run_address>
         <size>0x2</size>
         <alignment>0x2</alignment>
         <input_file_ref idref="fl-8"/>
      </object_component>
      <object_component id="oc-17b">
         <name>.data.g_cy</name>
         <load_address>0x2020017a</load_address>
         <readwrite>true</readwrite>
         <run_address>0x2020017a</run_address>
         <size>0x2</size>
         <alignment>0x2</alignment>
         <input_file_ref idref="fl-8"/>
      </object_component>
      <object_component id="oc-17f">
         <name>.data.g_bg</name>
         <load_address>0x20200176</load_address>
         <readwrite>true</readwrite>
         <run_address>0x20200176</run_address>
         <size>0x2</size>
         <alignment>0x2</alignment>
         <input_file_ref idref="fl-8"/>
      </object_component>
      <object_component id="oc-180">
         <name>.data.g_fg</name>
         <load_address>0x2020017c</load_address>
         <readwrite>true</readwrite>
         <run_address>0x2020017c</run_address>
         <size>0x2</size>
         <alignment>0x2</alignment>
         <input_file_ref idref="fl-8"/>
      </object_component>
      <object_component id="oc-113">
         <name>.data.g_last_L</name>
         <load_address>0x2020017e</load_address>
         <readwrite>true</readwrite>
         <run_address>0x2020017e</run_address>
         <size>0x2</size>
         <alignment>0x2</alignment>
         <input_file_ref idref="fl-9"/>
      </object_component>
      <object_component id="oc-114">
         <name>.data.g_last_R</name>
         <load_address>0x20200180</load_address>
         <readwrite>true</readwrite>
         <run_address>0x20200180</run_address>
         <size>0x2</size>
         <alignment>0x2</alignment>
         <input_file_ref idref="fl-9"/>
      </object_component>
      <object_component id="oc-1bc">
         <name>.data.line_follow.last_pos</name>
         <load_address>0x20200164</load_address>
         <readwrite>true</readwrite>
         <run_address>0x20200164</run_address>
         <size>0x4</size>
         <alignment>0x4</alignment>
         <input_file_ref idref="fl-9"/>
      </object_component>
      <object_component id="oc-1bd">
         <name>.data.line_follow.last_error</name>
         <load_address>0x20200160</load_address>
         <readwrite>true</readwrite>
         <run_address>0x20200160</run_address>
         <size>0x4</size>
         <alignment>0x4</alignment>
         <input_file_ref idref="fl-9"/>
      </object_component>
      <object_component id="oc-13d">
         <name>.data.main.v_pending</name>
         <load_address>0x2020018f</load_address>
         <readwrite>true</readwrite>
         <run_address>0x2020018f</run_address>
         <size>0x1</size>
         <alignment>0x1</alignment>
         <input_file_ref idref="fl-9"/>
      </object_component>
      <object_component id="oc-13f">
         <name>.data.main.v_start</name>
         <load_address>0x2020016c</load_address>
         <readwrite>true</readwrite>
         <run_address>0x2020016c</run_address>
         <size>0x4</size>
         <alignment>0x4</alignment>
         <input_file_ref idref="fl-9"/>
      </object_component>
      <object_component id="oc-140">
         <name>.data.main.v_pend_cm</name>
         <load_address>0x20200168</load_address>
         <readwrite>true</readwrite>
         <run_address>0x20200168</run_address>
         <size>0x4</size>
         <alignment>0x4</alignment>
         <input_file_ref idref="fl-9"/>
      </object_component>
      <object_component id="oc-13e">
         <name>.data.main.v_saved</name>
         <load_address>0x20200190</load_address>
         <readwrite>true</readwrite>
         <run_address>0x20200190</run_address>
         <size>0x1</size>
         <alignment>0x1</alignment>
         <input_file_ref idref="fl-9"/>
      </object_component>
      <object_component id="oc-141">
         <name>.data.main.last_line_state</name>
         <load_address>0x2020018e</load_address>
         <readwrite>true</readwrite>
         <run_address>0x2020018e</run_address>
         <size>0x1</size>
         <alignment>0x1</alignment>
         <input_file_ref idref="fl-9"/>
      </object_component>
      <object_component id="oc-147">
         <name>.data.main.cal_tick</name>
         <load_address>0x20200182</load_address>
         <readwrite>true</readwrite>
         <run_address>0x20200182</run_address>
         <size>0x2</size>
         <alignment>0x2</alignment>
         <input_file_ref idref="fl-9"/>
      </object_component>
      <object_component id="oc-142">
         <name>.data.blind_drive.ramp_tick</name>
         <load_address>0x20200170</load_address>
         <readwrite>true</readwrite>
         <run_address>0x20200170</run_address>
         <size>0x2</size>
         <alignment>0x2</alignment>
         <input_file_ref idref="fl-9"/>
      </object_component>
      <object_component id="oc-f7">
         <name>.data.g_pid_line</name>
         <load_address>0x20200110</load_address>
         <readwrite>true</readwrite>
         <run_address>0x20200110</run_address>
         <size>0x20</size>
         <alignment>0x4</alignment>
         <input_file_ref idref="fl-b"/>
      </object_component>
      <object_component id="oc-f6">
         <name>.data.g_pid_angle</name>
         <load_address>0x202000f0</load_address>
         <readwrite>true</readwrite>
         <run_address>0x202000f0</run_address>
         <size>0x20</size>
         <alignment>0x4</alignment>
         <input_file_ref idref="fl-b"/>
      </object_component>
      <object_component id="oc-86">
         <name>.data.rx_state</name>
         <load_address>0x20200193</load_address>
         <readwrite>true</readwrite>
         <run_address>0x20200193</run_address>
         <size>0x1</size>
         <alignment>0x1</alignment>
         <input_file_ref idref="fl-c"/>
      </object_component>
      <object_component id="oc-88">
         <name>.data.rx_idx</name>
         <load_address>0x20200191</load_address>
         <readwrite>true</readwrite>
         <run_address>0x20200191</run_address>
         <size>0x1</size>
         <alignment>0x1</alignment>
         <input_file_ref idref="fl-c"/>
      </object_component>
      <object_component id="oc-18f">
         <name>.data.g_task</name>
         <load_address>0x2020018d</load_address>
         <readwrite>true</readwrite>
         <run_address>0x2020018d</run_address>
         <size>0x1</size>
         <alignment>0x1</alignment>
         <input_file_ref idref="fl-d"/>
      </object_component>
      <object_component id="oc-190">
         <name>.data.g_seg_idx</name>
         <load_address>0x2020018c</load_address>
         <readwrite>true</readwrite>
         <run_address>0x2020018c</run_address>
         <size>0x1</size>
         <alignment>0x1</alignment>
         <input_file_ref idref="fl-d"/>
      </object_component>
      <object_component id="oc-191">
         <name>.data.g_lap</name>
         <load_address>0x20200186</load_address>
         <readwrite>true</readwrite>
         <run_address>0x20200186</run_address>
         <size>0x1</size>
         <alignment>0x1</alignment>
         <input_file_ref idref="fl-d"/>
      </object_component>
      <object_component id="oc-192">
         <name>.data.g_lap_total</name>
         <load_address>0x20200187</load_address>
         <readwrite>true</readwrite>
         <run_address>0x20200187</run_address>
         <size>0x1</size>
         <alignment>0x1</alignment>
         <input_file_ref idref="fl-d"/>
      </object_component>
      <object_component id="oc-193">
         <name>.data.g_seg_start</name>
         <load_address>0x2020014c</load_address>
[...]
      </symbol>
      <symbol id="sm-87">
         <name>TIMA1_IRQHandler</name>
         <value>0x3f1f</value>
         <object_component_ref idref="oc-33"/>
      </symbol>
      <symbol id="sm-88">
         <name>TIMG7_IRQHandler</name>
         <value>0x3f1f</value>
         <object_component_ref idref="oc-33"/>
      </symbol>
      <symbol id="sm-89">
         <name>TIMG12_IRQHandler</name>
         <value>0x3f1f</value>
         <object_component_ref idref="oc-33"/>
      </symbol>
      <symbol id="sm-8a">
         <name>I2C0_IRQHandler</name>
         <value>0x3f1f</value>
         <object_component_ref idref="oc-33"/>
      </symbol>
      <symbol id="sm-8b">
         <name>I2C1_IRQHandler</name>
         <value>0x3f1f</value>
         <object_component_ref idref="oc-33"/>
      </symbol>
      <symbol id="sm-8c">
         <name>AES_IRQHandler</name>
         <value>0x3f1f</value>
         <object_component_ref idref="oc-33"/>
      </symbol>
      <symbol id="sm-8d">
         <name>RTC_IRQHandler</name>
         <value>0x3f1f</value>
         <object_component_ref idref="oc-33"/>
      </symbol>
      <symbol id="sm-8e">
         <name>DMA_IRQHandler</name>
         <value>0x3f1f</value>
         <object_component_ref idref="oc-33"/>
      </symbol>
      <symbol id="sm-b4">
         <name>encoder_init</name>
         <value>0x4a65</value>
         <object_component_ref idref="oc-d9"/>
      </symbol>
      <symbol id="sm-b5">
         <name>GROUP1_IRQHandler</name>
         <value>0x486d</value>
         <object_component_ref idref="oc-3a"/>
      </symbol>
      <symbol id="sm-b6">
         <name>g_enc_l_cnt</name>
         <value>0x20200138</value>
         <object_component_ref idref="oc-71"/>
      </symbol>
      <symbol id="sm-b7">
         <name>GROUP0_IRQHandler</name>
         <value>0x4845</value>
         <object_component_ref idref="oc-34"/>
      </symbol>
      <symbol id="sm-b8">
         <name>g_enc_r_cnt</name>
         <value>0x2020013c</value>
         <object_component_ref idref="oc-6e"/>
      </symbol>
      <symbol id="sm-b9">
         <name>encoder_update</name>
         <value>0x3f21</value>
         <object_component_ref idref="oc-101"/>
      </symbol>
      <symbol id="sm-ba">
         <name>encoder_get_distance</name>
         <value>0x4905</value>
         <object_component_ref idref="oc-103"/>
      </symbol>
      <symbol id="sm-bb">
         <name>encoder_reset_distance</name>
         <value>0x47ad</value>
         <object_component_ref idref="oc-100"/>
      </symbol>
      <symbol id="sm-ed">
         <name>UART2_IRQHandler</name>
         <value>0x3bb9</value>
         <object_component_ref idref="oc-40"/>
      </symbol>
      <symbol id="sm-ee">
         <name>gyro_init</name>
         <value>0x2a01</value>
         <object_component_ref idref="oc-e1"/>
      </symbol>
      <symbol id="sm-ef">
         <name>gyro_calibrate</name>
         <value>0x43db</value>
         <object_component_ref idref="oc-e2"/>
      </symbol>
      <symbol id="sm-f0">
         <name>gyro_update_bias</name>
         <value>0x46ff</value>
         <object_component_ref idref="oc-148"/>
      </symbol>
      <symbol id="sm-f1">
         <name>gyro_update</name>
         <value>0x4433</value>
         <object_component_ref idref="oc-102"/>
      </symbol>
      <symbol id="sm-f2">
         <name>gyro_get_err</name>
         <value>0x4ad7</value>
         <object_component_ref idref="oc-129"/>
      </symbol>
      <symbol id="sm-f3">
         <name>gyro_get_yaw</name>
         <value>0x4a85</value>
         <object_component_ref idref="oc-f0"/>
      </symbol>
      <symbol id="sm-f4">
         <name>gyro_get_z</name>
         <value>0x4a91</value>
         <object_component_ref idref="oc-10c"/>
      </symbol>
      <symbol id="sm-f5">
         <name>gyro_set_target_yaw</name>
         <value>0x4a9d</value>
         <object_component_ref idref="oc-f1"/>
      </symbol>
      <symbol id="sm-f6">
         <name>gyro_get_yaw_error</name>
         <value>0x3971</value>
         <object_component_ref idref="oc-108"/>
      </symbol>
      <symbol id="sm-122">
         <name>lcd_init</name>
         <value>0x1819</value>
         <object_component_ref idref="oc-c9"/>
      </symbol>
      <symbol id="sm-123">
         <name>lcd_clear</name>
         <value>0x2c31</value>
         <object_component_ref idref="oc-cf"/>
      </symbol>
      <symbol id="sm-124">
         <name>lcd_set_cursor</name>
         <value>0x49f5</value>
         <object_component_ref idref="oc-d0"/>
      </symbol>
      <symbol id="sm-125">
         <name>lcd_putc</name>
         <value>0x26d5</value>
         <object_component_ref idref="oc-d2"/>
      </symbol>
      <symbol id="sm-126">
         <name>lcd_puts</name>
         <value>0x47e1</value>
         <object_component_ref idref="oc-d1"/>
      </symbol>
      <symbol id="sm-127">
         <name>lcd_print_int</name>
         <value>0x34e5</value>
         <object_component_ref idref="oc-111"/>
      </symbol>
      <symbol id="sm-184">
         <name>line_follow</name>
         <value>0x35dd</value>
         <object_component_ref idref="oc-126"/>
      </symbol>
      <symbol id="sm-185">
         <name>main</name>
         <value>0xc1</value>
         <object_component_ref idref="oc-9b"/>
      </symbol>
      <symbol id="sm-199">
         <name>motor_init</name>
         <value>0x49c5</value>
         <object_component_ref idref="oc-d3"/>
      </symbol>
      <symbol id="sm-19a">
         <name>motor_set</name>
         <value>0x3de9</value>
         <object_component_ref idref="oc-109"/>
      </symbol>
      <symbol id="sm-19b">
         <name>motor_brake</name>
         <value>0x495d</value>
         <object_component_ref idref="oc-10b"/>
      </symbol>
      <symbol id="sm-19c">
         <name>motor_coast</name>
         <value>0x4979</value>
         <object_component_ref idref="oc-e0"/>
      </symbol>
      <symbol id="sm-1a8">
         <name>pid_init</name>
         <value>0x4a09</value>
         <object_component_ref idref="oc-da"/>
      </symbol>
      <symbol id="sm-1a9">
         <name>pid_reset</name>
         <value>0x4ab3</value>
         <object_component_ref idref="oc-14a"/>
      </symbol>
      <symbol id="sm-1aa">
         <name>g_pid_line</name>
         <value>0x20200110</value>
         <object_component_ref idref="oc-f7"/>
      </symbol>
      <symbol id="sm-1ab">
         <name>g_pid_angle</name>
         <value>0x202000f0</value>
         <object_component_ref idref="oc-f6"/>
      </symbol>
      <symbol id="sm-1d2">
         <name>sensor_init</name>
         <value>0x3a35</value>
         <object_component_ref idref="oc-d8"/>
      </symbol>
      <symbol id="sm-1d3">
         <name>UART0_IRQHandler</name>
         <value>0x37bd</value>
         <object_component_ref idref="oc-46"/>
      </symbol>
      <symbol id="sm-1d4">
         <name>sensor_read_all</name>
         <value>0x44cd</value>
         <object_component_ref idref="oc-f2"/>
      </symbol>
      <symbol id="sm-1d5">
         <name>sensor_get_position</name>
         <value>0x2dfd</value>
         <object_component_ref idref="oc-127"/>
      </symbol>
      <symbol id="sm-1d6">
         <name>sensor_is_line_detected</name>
         <value>0x4a2f</value>
         <object_component_ref idref="oc-125"/>
      </symbol>
      <symbol id="sm-1d7">
         <name>sensor_is_line_detected2</name>
         <value>0x32e9</value>
         <object_component_ref idref="oc-13a"/>
      </symbol>
      <symbol id="sm-1d8">
         <name>sensor_get_gray</name>
         <value>0x4895</value>
         <object_component_ref idref="oc-128"/>
      </symbol>
      <symbol id="sm-204">
         <name>sm_set_task</name>
         <value>0x4301</value>
         <object_component_ref idref="oc-e3"/>
      </symbol>
      <symbol id="sm-205">
         <name>sm_get_current_segment</name>
         <value>0x464d</value>
         <object_component_ref idref="oc-e9"/>
      </symbol>
      <symbol id="sm-206">
         <name>sm_sync_start</name>
         <value>0x4a75</value>
         <object_component_ref idref="oc-ef"/>
      </symbol>
      <symbol id="sm-207">
         <name>sm_check_vertex</name>
         <value>0x3fb9</value>
         <object_component_ref idref="oc-13b"/>
      </symbol>
      <symbol id="sm-208">
         <name>sm_vertex_reached</name>
         <value>0x4435</value>
         <object_component_ref idref="oc-149"/>
      </symbol>
      <symbol id="sm-21f">
         <name>vision_parse_byte</name>
         <value>0x3c79</value>
         <object_component_ref idref="oc-72"/>
      </symbol>
      <symbol id="sm-220">
         <name>g_ball_x</name>
         <value>0x20200172</value>
         <object_component_ref idref="oc-ad"/>
      </symbol>
      <symbol id="sm-221">
         <name>g_ball_y</name>
         <value>0x20200174</value>
         <object_component_ref idref="oc-ae"/>
      </symbol>
      <symbol id="sm-222">
         <name>g_ball_valid</name>
         <value>0x20200184</value>
         <object_component_ref idref="oc-af"/>
      </symbol>
      <symbol id="sm-223">
         <name>UART1_IRQHandler</name>
         <value>0x48e5</value>
         <object_component_ref idref="oc-3b"/>
      </symbol>
      <symbol id="sm-224">
         <name>vision_init</name>
         <value>0x3d35</value>
         <object_component_ref idref="oc-119"/>
      </symbol>
      <symbol id="sm-225">
         <name>__TI_ATRegion0_src_addr</name>
         <value>0x0</value>
      </symbol>
      <symbol id="sm-226">
         <name>__TI_ATRegion0_trg_addr</name>
         <value>0x0</value>
      </symbol>
      <symbol id="sm-227">
         <name>__TI_ATRegion0_region_sz</name>
         <value>0x0</value>
      </symbol>
      <symbol id="sm-228">
         <name>__TI_ATRegion1_src_addr</name>
         <value>0x0</value>
      </symbol>
      <symbol id="sm-229">
         <name>__TI_ATRegion1_trg_addr</name>
         <value>0x0</value>
      </symbol>
      <symbol id="sm-22a">
         <name>__TI_ATRegion1_region_sz</name>
         <value>0x0</value>
      </symbol>
      <symbol id="sm-22b">
         <name>__TI_ATRegion2_src_addr</name>
         <value>0x0</value>
      </symbol>
      <symbol id="sm-22c">
         <name>__TI_ATRegion2_trg_addr</name>
         <value>0x0</value>
      </symbol>
      <symbol id="sm-22d">
         <name>__TI_ATRegion2_region_sz</name>
         <value>0x0</value>
      </symbol>
      <symbol id="sm-236">
         <name>DL_Common_delayCycles</name>
         <value>0x4aa9</value>
         <object_component_ref idref="oc-c5"/>
      </symbol>
      <symbol id="sm-252">
         <name>DL_Timer_setClockConfig</name>
         <value>0x4941</value>
         <object_component_ref idref="oc-1cf"/>
      </symbol>
      <symbol id="sm-253">
         <name>DL_Timer_initTimerMode</name>
         <value>0x33e9</value>
         <object_component_ref idref="oc-1d5"/>
      </symbol>
      <symbol id="sm-254">
         <name>DL_Timer_setCaptureCompareValue</name>
         <value>0x4a55</value>
         <object_component_ref idref="oc-1ad"/>
      </symbol>
      <symbol id="sm-255">
         <name>DL_Timer_setCaptCompUpdateMethod</name>
         <value>0x4925</value>
         <object_component_ref idref="oc-1d2"/>
      </symbol>
      <symbol id="sm-256">
         <name>DL_Timer_setCaptureCompareOutCtl</name>
         <value>0x4995</value>
         <object_component_ref idref="oc-1d1"/>
      </symbol>
      <symbol id="sm-257">
         <name>DL_Timer_initFourCCPWMMode</name>
         <value>0x31e5</value>
         <object_component_ref idref="oc-1d0"/>
      </symbol>
      <symbol id="sm-264">
         <name>DL_UART_init</name>
         <value>0x4485</value>
         <object_component_ref idref="oc-18a"/>
      </symbol>
      <symbol id="sm-265">
         <name>DL_UART_setClockConfig</name>
         <value>0x4a1d</value>
         <object_component_ref idref="oc-184"/>
      </symbol>
      <symbol id="sm-270">
         <name>_c_int00_noargs</name>
         <value>0x48bd</value>
         <object_component_ref idref="oc-67"/>
      </symbol>
      <symbol id="sm-271">
         <name>__stack</name>
         <value>0x20207e00</value>
         <object_component_ref idref="oc-1a"/>
      </symbol>
      <symbol id="sm-27d">
         <name>__TI_auto_init_nobinit_nopinit</name>
         <value>0x4689</value>
         <object_component_ref idref="oc-154"/>
      </symbol>
      <symbol id="sm-285">
         <name>_system_pre_init</name>
         <value>0x4ad3</value>
         <object_component_ref idref="oc-97"/>
      </symbol>
      <symbol id="sm-290">
         <name>__TI_zero_init_nomemset</name>
         <value>0x49dd</value>
         <object_component_ref idref="oc-5e"/>
      </symbol>
      <symbol id="sm-299">
         <name>__TI_decompress_none</name>
         <value>0x4a41</value>
         <object_component_ref idref="oc-20"/>
      </symbol>
      <symbol id="sm-2a4">
         <name>__TI_decompress_lzss</name>
         <value>0x4285</value>
         <object_component_ref idref="oc-1c"/>
      </symbol>
      <symbol id="sm-2ae">
         <name>abort</name>
         <value>0x4ac5</value>
         <object_component_ref idref="oc-14d"/>
      </symbol>
      <symbol id="sm-2b8">
         <name>HOSTexit</name>
         <value>0x4acb</value>
         <object_component_ref idref="oc-1be"/>
      </symbol>
      <symbol id="sm-2b9">
         <name>C$$EXIT</name>
         <value>0x4aca</value>
         <object_component_ref idref="oc-1be"/>
      </symbol>
      <symbol id="sm-2bf">
         <name>__aeabi_fadd</name>
         <value>0x38a3</value>
         <object_component_ref idref="oc-104"/>
      </symbol>
      <symbol id="sm-2c0">
         <name>__addsf3</name>
         <value>0x38a3</value>
         <object_component_ref idref="oc-104"/>
      </symbol>
      <symbol id="sm-2c1">
         <name>__aeabi_fsub</name>
         <value>0x3899</value>
         <object_component_ref idref="oc-104"/>
      </symbol>
      <symbol id="sm-2c2">
         <name>__subsf3</name>
         <value>0x3899</value>
         <object_component_ref idref="oc-104"/>
      </symbol>
      <symbol id="sm-2c8">
         <name>__aeabi_fmul</name>
         <value>0x4175</value>
         <object_component_ref idref="oc-7a"/>
      </symbol>
      <symbol id="sm-2c9">
         <name>__mulsf3</name>
         <value>0x4175</value>
         <object_component_ref idref="oc-7a"/>
      </symbol>
      <symbol id="sm-2cf">
         <name>__aeabi_fdiv</name>
         <value>0x4201</value>
         <object_component_ref idref="oc-1a6"/>
      </symbol>
      <symbol id="sm-2d0">
         <name>__divsf3</name>
         <value>0x4201</value>
         <object_component_ref idref="oc-1a6"/>
      </symbol>
      <symbol id="sm-2d6">
         <name>__aeabi_f2iz</name>
         <value>0x4775</value>
         <object_component_ref idref="oc-10d"/>
      </symbol>
      <symbol id="sm-2d7">
         <name>__fixsfsi</name>
         <value>0x4775</value>
         <object_component_ref idref="oc-10d"/>
      </symbol>
      <symbol id="sm-2dd">
         <name>__aeabi_i2f</name>
         <value>0x45d5</value>
         <object_component_ref idref="oc-76"/>
      </symbol>
      <symbol id="sm-2de">
         <name>__floatsisf</name>
         <value>0x45d5</value>
         <object_component_ref idref="oc-76"/>
      </symbol>
      <symbol id="sm-2e4">
         <name>__aeabi_fcmpeq</name>
         <value>0x4379</value>
         <object_component_ref idref="oc-ea"/>
      </symbol>
      <symbol id="sm-2e5">
         <name>__aeabi_fcmplt</name>
         <value>0x438d</value>
         <object_component_ref idref="oc-ea"/>
      </symbol>
      <symbol id="sm-2e6">
         <name>__aeabi_fcmple</name>
         <value>0x43a1</value>
         <object_component_ref idref="oc-ea"/>
      </symbol>
      <symbol id="sm-2e7">
         <name>__aeabi_fcmpge</name>
         <value>0x43b5</value>
         <object_component_ref idref="oc-ea"/>
      </symbol>
      <symbol id="sm-2e8">
         <name>__aeabi_fcmpgt</name>
         <value>0x43c9</value>
         <object_component_ref idref="oc-ea"/>
      </symbol>
      <symbol id="sm-2ee">
         <name>__aeabi_idiv</name>
         <value>0x43dd</value>
         <object_component_ref idref="oc-1b4"/>
      </symbol>
      <symbol id="sm-2ef">
         <name>__aeabi_idivmod</name>
         <value>0x43dd</value>
         <object_component_ref idref="oc-1b4"/>
      </symbol>
      <symbol id="sm-2f5">
         <name>__aeabi_memcpy</name>
         <value>0x4abd</value>
         <object_component_ref idref="oc-57"/>
      </symbol>
      <symbol id="sm-2f6">
         <name>__aeabi_memcpy4</name>
         <value>0x4abd</value>
         <object_component_ref idref="oc-57"/>
      </symbol>
      <symbol id="sm-2f7">
         <name>__aeabi_memcpy8</name>
         <value>0x4abd</value>
         <object_component_ref idref="oc-57"/>
      </symbol>
      <symbol id="sm-2fd">
         <name>__aeabi_uidiv</name>
         <value>0x4595</value>
         <object_component_ref idref="oc-1b8"/>
      </symbol>
      <symbol id="sm-2fe">
         <name>__aeabi_uidivmod</name>
         <value>0x4595</value>
         <object_component_ref idref="oc-1b8"/>
      </symbol>
      <symbol id="sm-307">
         <name>__eqsf2</name>
         <value>0x46c5</value>
         <object_component_ref idref="oc-199"/>
      </symbol>
      <symbol id="sm-308">
         <name>__lesf2</name>
         <value>0x46c5</value>
         <object_component_ref idref="oc-199"/>
      </symbol>
      <symbol id="sm-309">
         <name>__ltsf2</name>
         <value>0x46c5</value>
         <object_component_ref idref="oc-199"/>
      </symbol>
      <symbol id="sm-30a">
         <name>__nesf2</name>
         <value>0x46c5</value>
         <object_component_ref idref="oc-199"/>
      </symbol>
      <symbol id="sm-30b">
         <name>__cmpsf2</name>
         <value>0x46c5</value>
         <object_component_ref idref="oc-199"/>
      </symbol>
      <symbol id="sm-30c">
         <name>__gtsf2</name>
         <value>0x4611</value>
         <object_component_ref idref="oc-19e"/>
      </symbol>
      <symbol id="sm-30d">
         <name>__gesf2</name>
         <value>0x4611</value>
         <object_component_ref idref="oc-19e"/>
      </symbol>
      <symbol id="sm-313">
         <name>__muldsi3</name>
         <value>0x4701</value>
         <object_component_ref idref="oc-b1"/>
      </symbol>
      <symbol id="sm-31d">
         <name>__aeabi_idiv0</name>
         <value>0x4283</value>
         <object_component_ref idref="oc-1e1"/>
      </symbol>
      <symbol id="sm-336">
         <name>memcpy</name>
         <value>0x3e85</value>
         <object_component_ref idref="oc-bb"/>
      </symbol>
      <symbol id="sm-337">
         <name>__TI_static_base__</name>
         <value>0x0</value>
      </symbol>
      <symbol id="sm-33a">
         <name>__mpu_init</name>
         <value>0x0</value>
      </symbol>
      <symbol id="sm-33b">
         <name>_system_post_cinit</name>
         <value>0x0</value>
      </symbol>
   </symbol_table>
   <title>Link successful</title>
</link_info>
